Running ZeroClaw drafter (inference → BTCPC chain)...
[2m2026-04-25T12:00:00.438680Z[0m [33m WARN[0m [2mzeroclaw::config::schema[0m[2m:[0m Config file "/home/ubuntclaw/repos/btcpc/marketing-dashboard/zeroclaw/drafter/config.toml" is world-readable (mode 664). Consider restricting with: chmod 600 "/home/ubuntclaw/repos/btcpc/marketing-dashboard/zeroclaw/drafter/config.toml"
Error: Failed to deserialize config file

Caused by:
    TOML parse error at line 18, column 1
       |
    18 | [memory]
       | ^^^^^^^^
    missing field `auto_save`
    
Running ZeroClaw drafter (inference → BTCPC chain)...
[2m2026-04-26T12:00:00.169912Z[0m [33m WARN[0m [2mzeroclaw::config::schema[0m[2m:[0m Config file "/home/ubuntclaw/repos/btcpc/marketing-dashboard/zeroclaw/drafter/config.toml" is world-readable (mode 664). Consider restricting with: chmod 600 "/home/ubuntclaw/repos/btcpc/marketing-dashboard/zeroclaw/drafter/config.toml"
Error: Failed to deserialize config file

Caused by:
    TOML parse error at line 18, column 1
       |
    18 | [memory]
       | ^^^^^^^^
    missing field `auto_save`
    
sed: couldn't flush stdout: No space left on device
Running ZeroClaw drafter (inference → BTCPC chain)...
/home/ubuntclaw/repos/btcpc/marketing-dashboard/scripts/draft.sh: line 31: /home/ubuntclaw/repos/zeroclaw/target/release/zeroclaw: No such file or directory
Running ZeroClaw drafter (inference → BTCPC chain)...
/home/ubuntclaw/repos/btcpc/marketing-dashboard/scripts/draft.sh: line 31: /home/ubuntclaw/repos/zeroclaw/target/release/zeroclaw: No such file or directory
Running ZeroClaw drafter (inference → BTCPC chain)...
/home/ubuntclaw/repos/btcpc/marketing-dashboard/scripts/draft.sh: line 31: /home/ubuntclaw/repos/zeroclaw/target/release/zeroclaw: No such file or directory
Running ZeroClaw drafter (inference → BTCPC chain)...
/home/ubuntclaw/repos/btcpc/marketing-dashboard/scripts/draft.sh: line 31: /home/ubuntclaw/repos/zeroclaw/target/release/zeroclaw: No such file or directory
Running ZeroClaw drafter (inference → BTCPC chain)...
/home/ubuntclaw/repos/btcpc/marketing-dashboard/scripts/draft.sh: line 31: /home/ubuntclaw/repos/zeroclaw/target/release/zeroclaw: No such file or directory
Running ZeroClaw drafter (inference → BTCPC chain)...
/home/ubuntclaw/repos/btcpc/marketing-dashboard/scripts/draft.sh: line 31: /home/ubuntclaw/repos/zeroclaw/target/release/zeroclaw: No such file or directory
Running ZeroClaw drafter (inference → BTCPC chain)...
/home/ubuntclaw/repos/btcpc/marketing-dashboard/scripts/draft.sh: line 31: /home/ubuntclaw/repos/zeroclaw/target/release/zeroclaw: No such file or directory
Running ZeroClaw drafter (inference → BTCPC chain)...
/home/ubuntclaw/repos/btcpc/marketing-dashboard/scripts/draft.sh: line 31: /home/ubuntclaw/repos/zeroclaw/target/release/zeroclaw: No such file or directory
Running ZeroClaw drafter (inference → BTCPC chain)...
/home/ubuntclaw/repos/btcpc/marketing-dashboard/scripts/draft.sh: line 31: /home/ubuntclaw/repos/zeroclaw/target/release/zeroclaw: No such file or directory
