Unable to find image 'zricethezav/gitleaks:latest' locally
latest: Pulling from zricethezav/gitleaks
d49a2dee86fb: Pulling fs layer
61fdfd7c0175: Pulling fs layer
a43ab0c74cc4: Pulling fs layer
d92b655ae8e2: Pulling fs layer
cc89e3f50cd2: Download complete
a43ab0c74cc4: Download complete
d49a2dee86fb: Download complete
d49a2dee86fb: Pull complete
d92b655ae8e2: Download complete
d92b655ae8e2: Pull complete
61fdfd7c0175: Download complete
a43ab0c74cc4: Pull complete
61fdfd7c0175: Pull complete
Digest: sha256:c00b6bd0aeb3071cbcb79009cb16a60dd9e0a7c60e2be9ab65d25e6bc8abbb7f
Status: Downloaded newer image for zricethezav/gitleaks:latest

    ○
    │╲
    │ ○
    ○ ░
    ░    gitleaks

[90m6:16PM[0m [32mINF[0m [1m849 commits scanned.[0m
[90m6:16PM[0m [32mINF[0m [1mscanned ~71280090 bytes (71.28 MB) in 9.97s[0m
[90m6:16PM[0m [33mWRN[0m [1mleaks found: 48[0m
